// Jest Snapshot v1, https://goo.gl/fbAQLP

exports[`CarouselItem renders correctly 1`] = `ShallowWrapper {}`;
