// Jest Snapshot v1, https://goo.gl/fbAQLP

exports[`VideoDetailsScreen renders correctly 1`] = `ShallowWrapper {}`;
