// Jest Snapshot v1, https://goo.gl/fbAQLP

exports[`VideoInfo renders correctly 1`] = `ShallowWrapper {}`;
